
> joint-websolutions@0.1.0 build
> next build Check-Content build_output.txt

node.exe : Invalid project directory provided, no 
such directory: C:\Users\Koushik\Downloads\Agency\j
oint-websolutions\Check-Content
At C:\Program Files\nodejs\npm.ps1:29 char:3
+   & $NODE_EXE $NPM_CLI_JS $args
+   ~~~~~~~~~~~~~~~~~~~~~~~~~~~~~
    + CategoryInfo          : NotSpecified: (Inval 
   id project...s\Check-Content:String) [], Remot  
  eException
    + FullyQualifiedErrorId : NativeCommandError
 
